
Memory Configuration

Name             Origin             Length             Attributes
ram              0x80000000         0x00500000         xrw
*default*        0x00000000         0xffffffff

Linker script and memory map

                0x00000000                __DYNAMIC=0x0
                0x00400000                PROVIDE (__stack, 0x400000)
                0x00000000                PROVIDE (hardware_init_hook, 0x0)
                0x00000000                PROVIDE (_hardware_init_hook, 0x0)
                0x00000000                PROVIDE (software_init_hook, 0x0)
                0x00000000                PROVIDE (_software_init_hook, 0x0)

.text           0x80000000     0xed90
 *(.text)
 .text          0x80000000     0x7a18 S2_HD_MD_4K_E_Connection_Manager_v1_0.o
                0x80001eea                S2_HD_MD_4K_E_Connection_Manager_v1_0EventHandler0000D
                0x800078fc                S2_HD_MD_4K_E_Connection_Manager_v1_0EventHandler00012
                0x80006c62                S2_HD_MD_4K_E_Connection_Manager_v1_0_EventHandler
                0x8000780e                S2_HD_MD_4K_E_Connection_Manager_v1_0EventHandler00001
                0x80001394                S2_HD_MD_4K_E_Connection_Manager_v1_0EventHandler00005
                0x80001aa6                S2_HD_MD_4K_E_Connection_Manager_v1_0EventHandler0000A
                0x800021ea                S2_HD_MD_4K_E_Connection_Manager_v1_0EventHandler0000F
                0x80002368                S2_HD_MD_4K_E_Connection_Manager_v1_0EventHandler00010
                0x80001244                S2_HD_MD_4K_E_Connection_Manager_v1_0EventHandler00004
                0x800017ce                S2_HD_MD_4K_E_Connection_Manager_v1_0EventHandler00008
                0x80001d7e                S2_HD_MD_4K_E_Connection_Manager_v1_0EventHandler0000C
                0x800079b8                S2_HD_MD_4K_E_Connection_Manager_v1_0EventHandler00013
                0x800064aa                S2_HD_MD_4K_E_Connection_Manager_v1_0EventHandler00015
                0x80006362                S2_HD_MD_4K_E_Connection_Manager_v1_0PINGWAIT
                0x80001c12                S2_HD_MD_4K_E_Connection_Manager_v1_0EventHandler0000B
                0x80006ef0                S2_HD_MD_4K_E_Connection_Manager_v1_0_main
                0x80000fa4                S2_HD_MD_4K_E_Connection_Manager_v1_0EventHandler00002
                0x800010f4                S2_HD_MD_4K_E_Connection_Manager_v1_0EventHandler00003
                0x800014e4                S2_HD_MD_4K_E_Connection_Manager_v1_0EventHandler00006
                0x8000329c                S2_HD_MD_4K_E_Connection_Manager_v1_0EventHandler00014
                0x800024e6                S2_HD_MD_4K_E_Connection_Manager_v1_0EventHandler00011
                0x8000206a                S2_HD_MD_4K_E_Connection_Manager_v1_0EventHandler0000E
                0x800077b4                S2_HD_MD_4K_E_Connection_Manager_v1_0EventHandler00000
                0x80001662                S2_HD_MD_4K_E_Connection_Manager_v1_0EventHandler00007
                0x8000193a                S2_HD_MD_4K_E_Connection_Manager_v1_0EventHandler00009
 .text          0x80007a18     0x5836 library.o
                0x8000bc04                RotateRightLong
                0x8000c212                IsSystem
                0x8000bb68                Seed
                0x80009460                Remove
                0x8000b7e4                Ltoa
                0x8000b510                Atoi
                0x8000a878                InitRampInfoArray
                0x8000bfbe                Right
                0x8000cfee                LockInputSema
                0x8000ba92                Mod
                0x8000bc7a                Getc
                0x8000b9c6                SMuldiv
                0x8000c1f4                IsHidden
                0x8000b8aa                Min
                0x8000ce02                hextosi
                0x8000c398                WriteIntegerArray
                0x8000c90e                GetSignedIntArrayElementPtr
                0x8000b232                CheckStructArray
                0x8000ce16                hextosl
                0x8000c51e                WriteSignedIntegerArray
                0x8000aefa                InitStringParamArray
                0x8000a1cc                ReadSignedLongIntegerArray
                0x800090ee                GatherToDelimiter
                0x8000ad1e                InitStringArray
                0x8000b884                Max
                0x8000c24e                IsReadOnly
                0x8000b98e                SMax
                0x80009292                GatherByLength
                0x8000b71e                Chr
                0x8000c370                ReadSignedLongInteger
                0x8000b79c                Itohex
                0x8000b1a4                GetStructArrayElement
                0x8000b498                UNS_SetByte
                0x8000bf92                ReverseFindi
                0x8000a674                ReadStringArray
                0x8000c71e                GetIntArrayElementPtr
                0x8000bdce                Lower
                0x8000bb84                RotateLeft
                0x8000cf36                ResizeIfAutogrow
                0x8000a9a4                CheckInputArray
                0x80007f86                ResizeStringArray
                0x8000b6b0                Atosl
                0x8000b4d8                High
                0x8000bb34                Rnd
                0x8000ba56                UMod
                0x8000bbda                RotateLeftLong
                0x8000d062                FindNumericChar
                0x8000cb66                CheckIOArrayBounds2
                0x8000c1ac                MakeProgramFilename
                0x8000b9aa                SMin
                0x8000bd02                Left
                0x8000bc44                CheckBufferThreshold
                0x8000c328                ReadSignedInteger
                0x8000b502                LowWord
                0x80007a18                Bit
                0x8000c2d8                ReadLongInteger
                0x8000b316                Byte
                0x8000c816                GetLongArrayElementPtr
                0x8000bf64                ReverseFind
                0x8000c1c2                GetSeries
                0x8000d12e                InitTcpServer
                0x8000bdb6                Len
                0x8000cc36                InitializeRampInfoInternal
                0x8000b8d0                Divide
                0x8000b61c                Atol
                0x8000c1b8                GetModelNumber
                0x8000cafe                CheckIOArrayBounds
                0x8000a9fe                CheckStringInputArray
                0x8000c5e0                WriteSignedLongIntegerArray
                0x8000b0ee                GetStringArrayElement
                0x8000b828                Ltohex
                0x8000b754                Itoa
                0x8000bbae                RotateRight
                0x8000974e                InternalReverseFind
                0x8000c2b8                WriteLongInteger
                0x8000ac22                InitDynamicStringStruct
                0x8000ab14                SetStringArray
                0x80009faa                ReadSignedIntegerArray
                0x8000aa58                SetOutputArray
                0x8000c268                WriteInteger
                0x8000b082                InitStructDynamicArray
                0x800099d8                SetString
                0x8000bace                Random
                0x8000c300                WriteSignedInteger
                0x80007c7c                Find
                0x8000c1cc                GetProgramNumber
                0x8000bea2                Mid
                0x8000d0a0                InitTcpClient
                0x80008b6a                ResizeStructArray
                0x8000ca06                GetSignedLongArrayElementPtr
                0x8000ce28                hextol
                0x8000a3ee                ReadString
                0x8000adb4                InitDynamicStringArray
                0x8000cf0e                UpperChar
                0x8000b5ac                Atosi
                0x8000c290                ReadInteger
                0x8000b942                Muldiv
                0x8000aac6                SetStringOutputArray
                0x8000c6a4                WriteString
                0x800085de                ResizeIntegerArray
                0x8000a96c                InitInOutArray
                0x8000afc2                InitNvramStringArray
                0x8000b86c                Abs
                0x8000ba12                SDivide
                0x80009b68                ReadIntegerArray
                0x80007b28                CompareStrings
                0x8000cee6                LowerChar
                0x8000d1be                InitUdpSocket
                0x8000bc2c                ClearBuffer
                0x8000c07a                Upper
                0x8000b05e                InitStructArray
                0x8000c150                MakeLower
                0x8000c230                IsVolume
                0x800095ba                RemoveByLength
                0x8000b2ae                CheckStringOutputArrayIndex
                0x8000c45a                WriteLongIntegerArray
                0x8000cce2                InitRampInfoStructArray
                0x8000b4f4                HighWord
                0x80007df0                ResizeString
                0x8000c1d6                IsDirectory
                0x80009d88                ReadLongIntegerArray
                0x8000b4e6                Low
                0x80008f94                Gather
                0x8000c17e                MakeUpper
                0x8000abe4                InitStringStruct
                0x8000cbce                CheckStringArrayBounds
                0x8000b914                CheckDenominator
                0x8000cdea                hextoi
                0x8000a50c                WriteStringArray
                0x8000b3d6                SetByte
                0x8000cc8c                InitializeRampInfo
                0x8000d028                UnLockInputSema
                0x8000c350                WriteSignedLongInteger
                0x8000acd6                InitNvramStringStruct
 *fill*         0x8000d24e        0x2
                0x8000d250                .=ALIGN(0x10)
 *(.eh_frame)
                0x8000d250                .=ALIGN(0x10)
 *(.gnu.linkonce.t.*)
                0x8000d250                .=ALIGN(0x4)
                0x8000d250                __CTOR_LIST__=.
                0x8000d250                ___CTOR_LIST__=.
                0x8000d250        0x4 LONG 0x0 (((__CTOR_END__-__CTOR_LIST__)/0x4)-0x2)
 *(.ctors)
                0x8000d254        0x4 LONG 0x0
                0x8000d258                __CTOR_END__=.
                0x8000d258                __DTOR_LIST__=.
                0x8000d258                ___DTOR_LIST__=.
                0x8000d258        0x4 LONG 0x0 (((__DTOR_END__-__DTOR_LIST__)/0x4)-0x2)
 *(.dtors)
                0x8000d25c        0x4 LONG 0x0
                0x8000d260                __DTOR_END__=.
 *(.rodata)
 .rodata        0x8000d260      0xec8 S2_HD_MD_4K_E_Connection_Manager_v1_0.o
 .rodata        0x8000e128      0xc54 library.o
 *(.gcc_except_table)
                0x8000ed7c                .=ALIGN(0x2)
                0x8000ed7c                __INIT_SECTION__=.
                0x8000ed7c        0x4 LONG 0x4e560000
 *(.init)
                0x8000ed80        0x2 SHORT 0x4e5e
                0x8000ed82        0x2 SHORT 0x4e75
                0x8000ed84                __FINI_SECTION__=.
                0x8000ed84        0x4 LONG 0x4e560000
 *(.fini)
                0x8000ed88        0x2 SHORT 0x4e5e
                0x8000ed8a        0x2 SHORT 0x4e75
 *(.lit)
 *fill*         0x8000ed8c        0x4
                0x8000ed90                .=ALIGN(0x10)
                0x8000ed90                _etext=.
                0x8000ed90                etext=.

.data           0x8000ed90        0x0
                0x8000ed90                copy_start=.
 *(.shdata)
 *(.data)
 *(.gnu.linkonce.d.*)
                0x8000ed90                .=ALIGN(0x10)
                0x8000ed90                _edata=.
                0x8000ed90                copy_end=.

.got
 *(.got.plt)
 *(.got)

EntryList       0x8000ed90      0x110
 *(EntryList)
 EntryList      0x8000ed90      0x110 S2_HD_MD_4K_E_Connection_Manager_v1_0.o
                0x8000ed90                S2_HD_MD_4K_E_Connection_Manager_v1_0_Entry
                0x8000eea0                .=ALIGN(0x4)

FunctionList    0x8000eea0        0x4
 *(FunctionList)
 FunctionList   0x8000eea0        0x4 globals.o
                0x8000eea0                g_pFunctions
                0x8000eea4                .=ALIGN(0x4)

.bss            0x8000eea4        0x0
                0x8000eea4                .=ALIGN(0x4)
                0x8000eea4                __bss_start=.
 *(.shbss)
 *(.bss)
 *(COMMON)
                0x8000eea8                _end=ALIGN(0x8)
                0x8000eea8                __end=_end

.stab
 *(.stab)

.stabstr
 *(.stabstr)

.debug
 *(.debug)

.line
 *(.line)

.debug_srcinfo
 *(.debug_srcinfo)

.debug_sfnames
 *(.debug_sfnames)

.debug_aranges
 *(.debug_aranges)

.debug_pubnames
 *(.debug_pubnames)

.debug_info
 *(.debug_info)

.debug_abbrev
 *(.debug_abbrev)

.debug_line
 *(.debug_line)

.debug_frame
 *(.debug_frame)

.debug_str
 *(.debug_str)

.debug_loc
 *(.debug_loc)

.debug_macinfo
 *(.debug_macinfo)

.debug_weaknames
 *(.debug_weaknames)

.debug_funcnames
 *(.debug_funcnames)

.debug_typenames
 *(.debug_typenames)

.debug_varnames
 *(.debug_varnames)
LOAD S2_HD_MD_4K_E_Connection_Manager_v1_0.o
LOAD globals.o
LOAD library.o
OUTPUT(_S2_Board_Room_MC2E.spl elf32-m68k)

.comment        0x8000eea4       0x72
 .comment       0x8000eea4       0x26 S2_HD_MD_4K_E_Connection_Manager_v1_0.o
 .comment       0x8000eeca       0x26 globals.o
 .comment       0x8000eef0       0x26 library.o
